CREATE EXTENSION pg_hello_world;
SELECT HW_hello_world();
 hw_hello_world 
----------------
 Hello World!
(1 row)

SELECT HW_hello_world_shared_memory();
  hw_hello_world_shared_memory   
---------------------------------
 Hello World From Shared Memory!
(1 row)

